// Jest Snapshot v1, https://goo.gl/fbAQLP

exports[`MoviesSelection visualization is not changed 1`] = `
<section
  data-testid="movieSelection"
>
  <title
    class="title"
  >
    popular
  </title>
  <div
    class="MoviesSelection"
  />
</section>
`;
